
 Search parameters (5-fold validation):
 {'booster': 'gbtree', 'max_depth': 5, 'gamma': 1, 'eta': 0.1, 'objective': 'binary:logistic', 'nthread': 4, 'silent': False, 'tree_method': 'gpu_hist', 'lambda': 1.2, 'alpha': 0.1, 'subsample': 0.6, 'colsample_bytree': 0.6, 'min_child_weight': 2, 'max_delta_step': 4}
